------------------------------------------------------------
Timing Analyzer Summary
------------------------------------------------------------

Type  : Slow 1200mV 85C Model Setup '\G0:MCLK|altpll_component|pll|clk[0]'
Slack : 2.606
TNS   : 0.000

Type  : Slow 1200mV 85C Model Setup 'altera_reserved_tck'
Slack : 43.648
TNS   : 0.000

Type  : Slow 1200mV 85C Model Hold 'altera_reserved_tck'
Slack : 0.373
TNS   : 0.000

Type  : Slow 1200mV 85C Model Hold '\G0:MCLK|altpll_component|pll|clk[0]'
Slack : 0.402
TNS   : 0.000

Type  : Slow 1200mV 85C Model Recovery 'altera_reserved_tck'
Slack : 96.786
TNS   : 0.000

Type  : Slow 1200mV 85C Model Removal 'altera_reserved_tck'
Slack : 1.223
TNS   : 0.000

Type  : Slow 1200mV 85C Model Minimum Pulse Width 'clk_i'
Slack : 9.891
TNS   : 0.000

Type  : Slow 1200mV 85C Model Minimum Pulse Width '\G0:MCLK|altpll_component|pll|clk[0]'
Slack : 19.706
TNS   : 0.000

Type  : Slow 1200mV 85C Model Minimum Pulse Width 'altera_reserved_tck'
Slack : 49.575
TNS   : 0.000

Type  : Slow 1200mV 0C Model Setup '\G0:MCLK|altpll_component|pll|clk[0]'
Slack : 4.059
TNS   : 0.000

Type  : Slow 1200mV 0C Model Setup 'altera_reserved_tck'
Slack : 44.174
TNS   : 0.000

Type  : Slow 1200mV 0C Model Hold '\G0:MCLK|altpll_component|pll|clk[0]'
Slack : 0.354
TNS   : 0.000

Type  : Slow 1200mV 0C Model Hold 'altera_reserved_tck'
Slack : 0.354
TNS   : 0.000

Type  : Slow 1200mV 0C Model Recovery 'altera_reserved_tck'
Slack : 97.069
TNS   : 0.000

Type  : Slow 1200mV 0C Model Removal 'altera_reserved_tck'
Slack : 1.125
TNS   : 0.000

Type  : Slow 1200mV 0C Model Minimum Pulse Width 'clk_i'
Slack : 9.887
TNS   : 0.000

Type  : Slow 1200mV 0C Model Minimum Pulse Width '\G0:MCLK|altpll_component|pll|clk[0]'
Slack : 19.709
TNS   : 0.000

Type  : Slow 1200mV 0C Model Minimum Pulse Width 'altera_reserved_tck'
Slack : 49.502
TNS   : 0.000

Type  : Fast 1200mV 0C Model Setup '\G0:MCLK|altpll_component|pll|clk[0]'
Slack : 11.378
TNS   : 0.000

Type  : Fast 1200mV 0C Model Setup 'altera_reserved_tck'
Slack : 47.077
TNS   : 0.000

Type  : Fast 1200mV 0C Model Hold 'altera_reserved_tck'
Slack : 0.155
TNS   : 0.000

Type  : Fast 1200mV 0C Model Hold '\G0:MCLK|altpll_component|pll|clk[0]'
Slack : 0.182
TNS   : 0.000

Type  : Fast 1200mV 0C Model Recovery 'altera_reserved_tck'
Slack : 98.348
TNS   : 0.000

Type  : Fast 1200mV 0C Model Removal 'altera_reserved_tck'
Slack : 0.569
TNS   : 0.000

Type  : Fast 1200mV 0C Model Minimum Pulse Width 'clk_i'
Slack : 9.574
TNS   : 0.000

Type  : Fast 1200mV 0C Model Minimum Pulse Width '\G0:MCLK|altpll_component|pll|clk[0]'
Slack : 19.753
TNS   : 0.000

Type  : Fast 1200mV 0C Model Minimum Pulse Width 'altera_reserved_tck'
Slack : 49.458
TNS   : 0.000

------------------------------------------------------------
